Dockerfile.runner: OK
REPORT.md: OK
case-a.json: OK
case-b.json: OK
evidence/case-a-bundle.json: OK
evidence/case-a-cli.log: OK
evidence/case-a-local.jsonl: OK
evidence/case-a-original-act-evidence.json: OK
evidence/case-a-original-act-result.json: OK
evidence/case-a-original-act.jsonl: OK
evidence/case-a-remote.log: OK
evidence/case-a-replay.yml: OK
evidence/case-a-result.json: OK
evidence/case-a-verified-evidence.json: OK
evidence/case-a.lock: OK
evidence/case-b-bundle.json: OK
evidence/case-b-cli.log: OK
evidence/case-b-initial-evidence.json: OK
evidence/case-b-initial-local.jsonl: OK
evidence/case-b-initial-result.json: OK
evidence/case-b-local.jsonl: OK
evidence/case-b-remote.log: OK
evidence/case-b-replay.yml: OK
evidence/case-b-result.json: OK
evidence/case-b-verified-evidence.json: OK
evidence/case-b.lock: OK
evidence/runner-image-build.log: OK
evidence/validation.log: OK
