REPORT.md: OK
SPEC.md: OK
dev_smoke.py: OK
evidence/create-session-network-timeout-2.log: OK
evidence/create-session-network-timeout-pinned.log: OK
evidence/create-session-network-timeout.log: OK
evidence/create-session.log: OK
evidence/dependency-change.json: OK
evidence/dependency-change.log: OK
evidence/dependency-restored.log: OK
evidence/dev-pty.log: OK
evidence/dev-smoke.json: OK
evidence/fast-fixed.log: OK
evidence/fast-prime.log: OK
evidence/full-prime.log: OK
evidence/last-debug.json: OK
evidence/last-verify.json: OK
evidence/performance.json: OK
evidence/reproduce-original-after-fix.log: OK
evidence/reproduction.json: OK
evidence/runback.lock: OK
evidence/source-fix.patch: OK
evidence/state.json: OK
evidence/validation.log: OK
evidence/verify-changes.json: OK
evidence/verify-changes.patch: OK
evidence/verify-final.json: OK
evidence/verify-fixed-final.log: OK
evidence/verify-fixed.log: OK
evidence/verify-local.jsonl: OK
evidence/verify-replay.yml: OK
evidence/verify-result.json: OK
evidence/warm-fast-1.log: OK
evidence/warm-fast-2.log: OK
evidence/warm-fast-3.log: OK
evidence/warm-full-1.log: OK
evidence/warm-full-2.log: OK
evidence/warm-full-3.log: OK
evidence/worktree-preserved.json: OK
measure.py: OK
