2026-09-10T07:26:32.7605178Z Current runner version: '2.337.0'
2026-09-10T07:26:32.7630765Z ##[group]Runner Image Provisioner
2026-09-10T07:26:32.7631788Z Hosted Compute Agent
2026-09-10T07:26:32.7632437Z Version: 20260828.587
2026-09-10T07:26:32.7633210Z Commit: abac92662cab4cc7352de4f9f9d2e2419aad9c29
2026-09-10T07:26:32.7634070Z Build Date: 2026-08-28T16:44:25Z
2026-09-10T07:26:32.7634747Z Worker ID: {731708a5-be14-46c3-a3b8-da383a2170c2}
2026-09-10T07:26:32.7635518Z Azure Region: westus3
2026-09-10T07:26:32.7636083Z ##[endgroup]
2026-09-10T07:26:32.7637581Z ##[group]Operating System
2026-09-10T07:26:32.7638273Z Ubuntu
2026-09-10T07:26:32.7639116Z 24.04.5
2026-09-10T07:26:32.7639777Z LTS
2026-09-10T07:26:32.7640290Z ##[endgroup]
2026-09-10T07:26:32.7640868Z ##[group]Runner Image
2026-09-10T07:26:32.7641547Z Image: ubuntu-24.04
2026-09-10T07:26:32.7642116Z Version: 20260907.300.1
2026-09-10T07:26:32.7643417Z Included Software: https://github.com/actions/runner-images/blob/ubuntu24/20260907.300/images/ubuntu/Ubuntu2404-Readme.md
2026-09-10T07:26:32.7645021Z Image Release: https://github.com/actions/runner-images/releases/tag/ubuntu24%2F20260907.300
2026-09-10T07:26:32.7646038Z ##[endgroup]
2026-09-10T07:26:32.7649298Z ##[group]GITHUB_TOKEN Permissions
2026-09-10T07:26:32.7651566Z Actions: write
2026-09-10T07:26:32.7652209Z ArtifactMetadata: write
2026-09-10T07:26:32.7652898Z Attestations: write
2026-09-10T07:26:32.7653506Z Checks: write
2026-09-10T07:26:32.7654088Z CodeQuality: write
2026-09-10T07:26:32.7654668Z Contents: write
2026-09-10T07:26:32.7655265Z CopilotRequests: write
2026-09-10T07:26:32.7655906Z Deployments: write
2026-09-10T07:26:32.7656473Z Discussions: write
2026-09-10T07:26:32.7657029Z Drives: write
2026-09-10T07:26:32.7657620Z Issues: write
2026-09-10T07:26:32.7658174Z Metadata: read
2026-09-10T07:26:32.7659107Z Models: read
2026-09-10T07:26:32.7659667Z Packages: write
2026-09-10T07:26:32.7660199Z Pages: write
2026-09-10T07:26:32.7660810Z PullRequests: write
2026-09-10T07:26:32.7661449Z RepositoryProjects: write
2026-09-10T07:26:32.7662096Z SecurityEvents: write
2026-09-10T07:26:32.7662732Z Statuses: write
2026-09-10T07:26:32.7663322Z VulnerabilityAlerts: read
2026-09-10T07:26:32.7663956Z ##[endgroup]
2026-09-10T07:26:32.7666145Z Secret source: Actions
2026-09-10T07:26:32.7667168Z Cache mode: write
2026-09-10T07:26:32.7667912Z Prepare workflow directory
2026-09-10T07:26:32.8068708Z Prepare all required actions
2026-09-10T07:26:32.8116534Z Getting action download info
2026-09-10T07:26:33.1398279Z Download action repository 'actions/checkout@v6' (SHA:d23441a48e516b6c34aea4fa41551a30e30af803)
2026-09-10T07:26:33.2455754Z Download action repository 'actions/setup-node@v6' (SHA:249970729cb0ef3589644e2896645e5dc5ba9c38)
2026-09-10T07:26:33.4354641Z Complete job name: unit
2026-09-10T07:26:33.5204404Z ##[group]Run actions/checkout@v6
2026-09-10T07:26:33.5205872Z with:
2026-09-10T07:26:33.5206659Z   repository: janosh/svelte-widgets
2026-09-10T07:26:33.5212521Z   token: ***
2026-09-10T07:26:33.5212996Z   ssh-strict: true
2026-09-10T07:26:33.5213463Z   ssh-user: git
2026-09-10T07:26:33.5213919Z   persist-credentials: true
2026-09-10T07:26:33.5214397Z   clean: true
2026-09-10T07:26:33.5214843Z   sparse-checkout-cone-mode: true
2026-09-10T07:26:33.5215360Z   fetch-depth: 1
2026-09-10T07:26:33.5215790Z   fetch-tags: false
2026-09-10T07:26:33.5216225Z   show-progress: true
2026-09-10T07:26:33.5216660Z   lfs: false
2026-09-10T07:26:33.5217066Z   submodules: false
2026-09-10T07:26:33.5217526Z   set-safe-directory: true
2026-09-10T07:26:33.5218027Z   allow-unsafe-pr-checkout: false
2026-09-10T07:26:33.5219217Z ##[endgroup]
2026-09-10T07:26:33.6270937Z Syncing repository: janosh/svelte-widgets
2026-09-10T07:26:33.6272842Z ##[group]Getting Git version info
2026-09-10T07:26:33.6273862Z Working directory is '/home/runner/work/svelte-widgets/svelte-widgets'
2026-09-10T07:26:33.6275306Z [command]/usr/bin/git version
2026-09-10T07:26:33.6358286Z git version 2.55.0
2026-09-10T07:26:33.6384807Z ##[endgroup]
2026-09-10T07:26:33.6399296Z Temporarily overriding HOME='/home/runner/work/_temp/19a5dc69-17a1-47f1-bf37-94d1d184a41d' before making global git config changes
2026-09-10T07:26:33.6401002Z Adding repository directory to the temporary git global config as a safe directory
2026-09-10T07:26:33.6405029Z [command]/usr/bin/git config --global --add safe.directory /home/runner/work/svelte-widgets/svelte-widgets
2026-09-10T07:26:33.6455920Z Deleting the contents of '/home/runner/work/svelte-widgets/svelte-widgets'
2026-09-10T07:26:33.6462418Z ##[group]Determining repository object format
2026-09-10T07:26:33.6464952Z ##[endgroup]
2026-09-10T07:26:33.6466241Z ##[group]Initializing the repository
2026-09-10T07:26:33.6471135Z [command]/usr/bin/git init /home/runner/work/svelte-widgets/svelte-widgets
2026-09-10T07:26:33.6586277Z hint: Using 'master' as the name for the initial branch. This default branch name
2026-09-10T07:26:33.6587337Z hint: will change to "main" in Git 3.0. To configure the initial branch name
2026-09-10T07:26:33.6589213Z hint: to use in all of your new repositories, which will suppress this warning,
2026-09-10T07:26:33.6590222Z hint: call:
2026-09-10T07:26:33.6590986Z hint:
2026-09-10T07:26:33.6591954Z hint: 	git config --global init.defaultBranch <name>
2026-09-10T07:26:33.6593119Z hint:
2026-09-10T07:26:33.6594390Z hint: Names commonly chosen instead of 'master' are 'main', 'trunk' and
2026-09-10T07:26:33.6596279Z hint: 'development'. The just-created branch can be renamed via this command:
2026-09-10T07:26:33.6597614Z hint:
2026-09-10T07:26:33.6598337Z hint: 	git branch -m <name>
2026-09-10T07:26:33.6599454Z hint:
2026-09-10T07:26:33.6600634Z hint: Disable this message with "git config set advice.defaultBranchName false"
2026-09-10T07:26:33.6602738Z Initialized empty Git repository in /home/runner/work/svelte-widgets/svelte-widgets/.git/
2026-09-10T07:26:33.6605719Z [command]/usr/bin/git remote add origin https://github.com/janosh/svelte-widgets
2026-09-10T07:26:33.6651848Z ##[endgroup]
2026-09-10T07:26:33.6653493Z ##[group]Disabling automatic garbage collection
2026-09-10T07:26:33.6655540Z [command]/usr/bin/git config --local gc.auto 0
2026-09-10T07:26:33.6685788Z ##[endgroup]
2026-09-10T07:26:33.6687179Z ##[group]Setting up auth
2026-09-10T07:26:33.6688167Z Removing SSH command configuration
2026-09-10T07:26:33.6694474Z [command]/usr/bin/git config --local --name-only --get-regexp core\.sshCommand
2026-09-10T07:26:33.6727405Z [command]/usr/bin/git submodule foreach --recursive sh -c "git config --local --name-only --get-regexp 'core\.sshCommand' && git config --local --unset-all 'core.sshCommand' || :"
2026-09-10T07:26:33.7077093Z Removing HTTP extra header
2026-09-10T07:26:33.7085663Z [command]/usr/bin/git config --local --name-only --get-regexp http\.https\:\/\/github\.com\/\.extraheader
2026-09-10T07:26:33.7120049Z [command]/usr/bin/git submodule foreach --recursive sh -c "git config --local --name-only --get-regexp 'http\.https\:\/\/github\.com\/\.extraheader' && git config --local --unset-all 'http.https://github.com/.extraheader' || :"
2026-09-10T07:26:33.7347171Z Removing includeIf entries pointing to credentials config files
2026-09-10T07:26:33.7354939Z [command]/usr/bin/git config --local --name-only --get-regexp ^includeIf\.gitdir:
2026-09-10T07:26:33.7388293Z [command]/usr/bin/git submodule foreach --recursive git config --local --show-origin --name-only --get-regexp remote.origin.url
2026-09-10T07:26:33.7615203Z [command]/usr/bin/git config --file /home/runner/work/_temp/git-credentials-d7e051ca-b058-454b-aae7-a61a726fda1a.config http.https://github.com/.extraheader AUTHORIZATION: basic ***
2026-09-10T07:26:33.7652986Z [command]/usr/bin/git config --local includeIf.gitdir:/home/runner/work/svelte-widgets/svelte-widgets/.git.path /home/runner/work/_temp/git-credentials-d7e051ca-b058-454b-aae7-a61a726fda1a.config
2026-09-10T07:26:33.7686007Z [command]/usr/bin/git config --local includeIf.gitdir:/home/runner/work/svelte-widgets/svelte-widgets/.git/worktrees/*.path /home/runner/work/_temp/git-credentials-d7e051ca-b058-454b-aae7-a61a726fda1a.config
2026-09-10T07:26:33.7719696Z [command]/usr/bin/git config --local includeIf.gitdir:/github/workspace/.git.path /github/runner_temp/git-credentials-d7e051ca-b058-454b-aae7-a61a726fda1a.config
2026-09-10T07:26:33.7749740Z [command]/usr/bin/git config --local includeIf.gitdir:/github/workspace/.git/worktrees/*.path /github/runner_temp/git-credentials-d7e051ca-b058-454b-aae7-a61a726fda1a.config
2026-09-10T07:26:33.7775603Z ##[endgroup]
2026-09-10T07:26:33.7776355Z ##[group]Fetching the repository
2026-09-10T07:26:33.7783822Z [command]/usr/bin/git -c protocol.version=2 fetch --no-tags --prune --no-recurse-submodules --depth=1 origin +3893a49b4c2c6e7c471997b4befaf01136045573:refs/remotes/pull/460/merge
2026-09-10T07:26:34.9443147Z From https://github.com/janosh/svelte-widgets
2026-09-10T07:26:34.9445453Z  * [new ref]         3893a49b4c2c6e7c471997b4befaf01136045573 -> pull/460/merge
2026-09-10T07:26:34.9450138Z ##[endgroup]
2026-09-10T07:26:34.9451842Z ##[group]Determining the checkout info
2026-09-10T07:26:34.9453582Z ##[endgroup]
2026-09-10T07:26:34.9457874Z [command]/usr/bin/git sparse-checkout disable
2026-09-10T07:26:34.9507679Z [command]/usr/bin/git config --local --unset-all extensions.worktreeConfig
2026-09-10T07:26:34.9534036Z ##[group]Checking out the ref
2026-09-10T07:26:34.9539267Z [command]/usr/bin/git checkout --progress --force refs/remotes/pull/460/merge
2026-09-10T07:26:34.9894962Z Note: switching to 'refs/remotes/pull/460/merge'.
2026-09-10T07:26:34.9895944Z 
2026-09-10T07:26:34.9896703Z You are in 'detached HEAD' state. You can look around, make experimental
2026-09-10T07:26:34.9898491Z changes and commit them, and you can discard any commits you make in this
2026-09-10T07:26:34.9900860Z state without impacting any branches by switching back to a branch.
2026-09-10T07:26:34.9902625Z 
2026-09-10T07:26:34.9903813Z If you want to create a new branch to retain commits you create, you may
2026-09-10T07:26:34.9906351Z do so (now or later) by using -c with the switch command. Example:
2026-09-10T07:26:34.9907868Z 
2026-09-10T07:26:34.9908515Z   git switch -c <new-branch-name>
2026-09-10T07:26:34.9909894Z 
2026-09-10T07:26:34.9910657Z Or undo this operation with:
2026-09-10T07:26:34.9911910Z 
2026-09-10T07:26:34.9912659Z   git switch -
2026-09-10T07:26:34.9913671Z 
2026-09-10T07:26:34.9915009Z Turn off this advice by setting config variable advice.detachedHead to false
2026-09-10T07:26:34.9917018Z 
2026-09-10T07:26:34.9919539Z HEAD is now at 3893a49 Merge 1015306b0a99ce5772fd483cfc50384ec471b0dd into 1465e3d8e07e0440de8abf0dc3eaa97e4d3335fb
2026-09-10T07:26:34.9924726Z ##[endgroup]
2026-09-10T07:26:34.9951557Z [command]/usr/bin/git log -1 --format=%H
2026-09-10T07:26:34.9975683Z 3893a49b4c2c6e7c471997b4befaf01136045573
2026-09-10T07:26:35.0439943Z ##[group]Run actions/setup-node@v6
2026-09-10T07:26:35.0441195Z with:
2026-09-10T07:26:35.0442076Z   node-version: 24
2026-09-10T07:26:35.0443058Z   check-latest: false
2026-09-10T07:26:35.0453141Z   token: ***
2026-09-10T07:26:35.0454145Z   package-manager-cache: true
2026-09-10T07:26:35.0455295Z ##[endgroup]
2026-09-10T07:26:35.1873953Z Found in cache @ /opt/hostedtoolcache/node/24.20.0/x64
2026-09-10T07:26:35.1876987Z ##[group]Environment details
2026-09-10T07:26:35.6073048Z node: v24.20.0
2026-09-10T07:26:35.6073421Z npm: 11.19.0
2026-09-10T07:26:35.6073702Z yarn: 1.22.22
2026-09-10T07:26:35.6074364Z ##[endgroup]
2026-09-10T07:26:35.6205813Z ##[group]Run npm install --legacy-peer-deps
2026-09-10T07:26:35.6206347Z [36;1mnpm install --legacy-peer-deps[0m
2026-09-10T07:26:35.6263187Z shell: /usr/bin/bash -e {0}
2026-09-10T07:26:35.6263535Z ##[endgroup]
2026-09-10T07:26:53.2818072Z 
2026-09-10T07:26:53.2827465Z > svelte-widgets@1.8.0 prepare
2026-09-10T07:26:53.2828305Z > vp config --no-agent && npm run package
2026-09-10T07:26:53.2828701Z 
2026-09-10T07:26:53.6308269Z 
2026-09-10T07:26:53.6309204Z > svelte-widgets@1.8.0 package
2026-09-10T07:26:53.6310250Z > npm run gen:icons && svelte-package && node scripts/finalize-package.ts
2026-09-10T07:26:53.6311022Z 
2026-09-10T07:26:53.7338764Z 
2026-09-10T07:26:53.7339729Z > svelte-widgets@1.8.0 gen:icons
2026-09-10T07:26:53.7340821Z > node --experimental-strip-types scripts/generate-icons.ts
2026-09-10T07:26:53.7341415Z 
2026-09-10T07:26:53.9856277Z generated 1884 icons from 13 sets
2026-09-10T07:27:00.0506825Z src/lib -> dist
2026-09-10T07:27:01.6294016Z 
2026-09-10T07:27:01.6294924Z added 186 packages, and audited 187 packages in 26s
2026-09-10T07:27:01.6295274Z 
2026-09-10T07:27:01.6295490Z 38 packages are looking for funding
2026-09-10T07:27:01.6296201Z   run `npm fund` for details
2026-09-10T07:27:01.6384579Z 
2026-09-10T07:27:01.6385256Z 2 low severity vulnerabilities
2026-09-10T07:27:01.6385677Z 
2026-09-10T07:27:01.6386420Z To address all issues (including breaking changes), run:
2026-09-10T07:27:01.6387306Z   npm audit fix --force
2026-09-10T07:27:01.6387718Z 
2026-09-10T07:27:01.6388016Z Run `npm audit` for details.
2026-09-10T07:27:01.7063751Z ##[group]Run npm run test:coverage
2026-09-10T07:27:01.7064083Z [36;1mnpm run test:coverage[0m
2026-09-10T07:27:01.7101669Z shell: /usr/bin/bash -e {0}
2026-09-10T07:27:01.7102058Z ##[endgroup]
2026-09-10T07:27:01.8075049Z 
2026-09-10T07:27:01.8075996Z > svelte-widgets@1.8.0 test:coverage
2026-09-10T07:27:01.8076418Z > vitest run --coverage
2026-09-10T07:27:01.8076619Z 
2026-09-10T07:27:03.7252055Z 
2026-09-10T07:27:03.7256569Z [1m[30m[46m RUN [49m[39m[22m [36mv5.0.0 [39m[90m/home/runner/work/svelte-widgets/svelte-widgets[39m
2026-09-10T07:27:03.7258063Z       [2mCoverage enabled with [22m[33mv8[39m
2026-09-10T07:27:03.7258674Z 
2026-09-10T07:27:07.2719322Z  [31m❯[39m tests/vitest/toc.svelte.test.ts [2m([22m[2m114 tests[22m[2m | [22m[31m3 failed[39m[2m)[22m[33m 1420[2mms[22m[39m
2026-09-10T07:27:07.2720669Z    [31m❯[39m Toc [2m(80)[22m
2026-09-10T07:27:07.2722003Z      [32m✓[39m supplemental navigation remains usable without headings at width 390[32m 78[2mms[22m[39m
2026-09-10T07:27:07.2723471Z      [32m✓[39m supplemental navigation remains usable without headings at width 1200[32m 8[2mms[22m[39m
2026-09-10T07:27:07.2724622Z      [32m✓[39m renders default title element[32m 5[2mms[22m[39m
2026-09-10T07:27:07.2725759Z      [32m✓[39m ToC lists expected headings for heading_selector='undefined'[32m 17[2mms[22m[39m
2026-09-10T07:27:07.2727263Z      [32m✓[39m ToC lists expected headings for heading_selector='body > :is(h1, h2, h3, h4, h5, h6)'[32m 11[2mms[22m[39m
2026-09-10T07:27:07.2728724Z      [32m✓[39m ToC lists expected headings for heading_selector='h1'[32m 4[2mms[22m[39m
2026-09-10T07:27:07.2730166Z      [32m✓[39m default exclusion with custom heading_selector[32m 6[2mms[22m[39m
2026-09-10T07:27:07.2731323Z      [32m✓[39m custom exclusion with custom heading_selector[32m 6[2mms[22m[39m
2026-09-10T07:27:07.2732450Z      [32m✓[39m disabled exclusion with custom heading_selector[32m 8[2mms[22m[39m
2026-09-10T07:27:07.2733593Z      [32m✓[39m get_heading_data customizes listed headings[32m 11[2mms[22m[39m
2026-09-10T07:27:07.2735182Z      [32m✓[39m encoded fragment links keep native navigation and existing history state[32m 6[2mms[22m[39m
2026-09-10T07:27:07.2736834Z      [32m✓[39m existing heading ids stay the fragment target over get_heading_data ids[32m 4[2mms[22m[39m
2026-09-10T07:27:07.2738214Z      [32m✓[39m static metadata keeps matching item indexes for id=second[32m 15[2mms[22m[39m
2026-09-10T07:27:07.2760387Z [31m     [31m×[31m static metadata keeps matching item indexes for id=sec:1[39m[32m 20[2mms[22m[39m
2026-09-10T07:27:07.2761906Z [31m     [31m×[31m static metadata keeps matching item indexes for id=123[39m[32m 21[2mms[22m[39m
2026-09-10T07:27:07.2763369Z [31m     [31m×[31m static metadata keeps matching item indexes for id=part.one[39m[32m 6[2mms[22m[39m
2026-09-10T07:27:07.2764751Z      [32m✓[39m Heading keeps its identity and link synchronized with dynamic props[32m 7[2mms[22m[39m
2026-09-10T07:27:07.2765844Z      [32m✓[39m DOM observation is opt-in[32m 5[2mms[22m[39m
2026-09-10T07:27:07.2767273Z      [32m✓[39m ignores headings without IDs and never mutates their markup[32m 4[2mms[22m[39m
2026-09-10T07:27:07.2768419Z      [32m✓[39m toc_item snippet replaces default link content[32m 5[2mms[22m[39m
2026-09-10T07:27:07.2769730Z      [32m✓[39m toc_item anchor keeps its own click behavior[32m 7[2mms[22m[39m
2026-09-10T07:27:07.2770762Z      [32m✓[39m toc_item button keeps its own click behavior[32m 8[2mms[22m[39m
2026-09-10T07:27:07.2771845Z      [32m✓[39m toc_item non-interactive span scrolls to the hea…[32m 8[2mms[22m[39m
2026-09-10T07:27:07.2772907Z      [32m✓[39m toc_item text fields keep their own arrow keys[32m 6[2mms[22m[39m
2026-09-10T07:27:07.2774027Z      [32m✓[39m modified clicks on ToC links keep native browser behavior[32m 5[2mms[22m[39m
2026-09-10T07:27:07.2775597Z      [32m✓[39m flash_clicked_headings_for_ms removes the clicked-heading class[32m 10[2mms[22m[39m
2026-09-10T07:27:07.2776916Z      [32m✓[39m throws for invalid selectors {"heading_selector":"["}[32m 4[2mms[22m[39m
2026-09-10T07:27:07.2778084Z      [32m✓[39m throws for invalid selectors {"exclude_selector":"(("}[32m 3[2mms[22m[39m
2026-09-10T07:27:07.2779445Z      [32m✓[39m throws for invalid selectors {"hide_on_intersect":"[invalid"}[32m 3[2mms[22m[39m
2026-09-10T07:27:07.2780773Z      [32m✓[39m auto_hide=true with heading_selector='undefined' on an empty page[32m 3[2mms[22m[39m
2026-09-10T07:27:07.2782087Z      [32m✓[39m auto_hide=false with heading_selector='undefined' on an empty page[32m 2[2mms[22m[39m
2026-09-10T07:27:07.2783398Z      [32m✓[39m auto_hide=true with heading_selector='foobar' on an empty page[32m 3[2mms[22m[39m
2026-09-10T07:27:07.2784673Z      [32m✓[39m auto_hide=false with heading_selector='foobar' on an empty page[32m 2[2mms[22m[39m
2026-09-10T07:27:07.2785959Z      [32m✓[39m auto_hide=true with heading_selector='h2' on an empty page[32m 3[2mms[22m[39m
2026-09-10T07:27:07.2787193Z      [32m✓[39m auto_hide=false with heading_selector='h2' on an empty page[32m 4[2mms[22m[39m
2026-09-10T07:27:07.2788440Z      [32m✓[39m auto_hide=true with heading_selector='h4' on an empty page[32m 3[2mms[22m[39m
2026-09-10T07:27:07.2789872Z      [32m✓[39m auto_hide=false with heading_selector='h4' on an empty page[32m 2[2mms[22m[39m
2026-09-10T07:27:07.2791096Z      [32m✓[39m warn_on_empty=true stays consistent across later mutations[32m 3[2mms[22m[39m
2026-09-10T07:27:07.2792334Z      [32m✓[39m warn_on_empty=false stays consistent across later mutations[32m 3[2mms[22m[39m
2026-09-10T07:27:07.2793482Z      [32m✓[39m levels=[1,2,3,4] with min_items=1 renders 3 items[32m 10[2mms[22m[39m
2026-09-10T07:27:07.2794495Z      [32m✓[39m levels=[1,2,3,4] with min_items=3 renders 3 items[32m 8[2mms[22m[39m
2026-09-10T07:27:07.2795503Z      [32m✓[39m levels=[1,2,3,4] with min_items=4 renders 0 items[32m 3[2mms[22m[39m
2026-09-10T07:27:07.2796484Z      [32m✓[39m levels=[1,5,6] with min_items=1 renders 0 items[32m 2[2mms[22m[39m
2026-09-10T07:27:07.2797675Z      [32m✓[39m should handle custom breakpoint with small=400, breakpoint=500, large=600[32m 8[2mms[22m[39m
2026-09-10T07:27:07.2799288Z      [32m✓[39m should handle custom breakpoint with small=700, breakpoint=800, large=900[32m 7[2mms[22m[39m
2026-09-10T07:27:07.2800756Z      [32m✓[39m should handle custom breakpoint with small=999, breakpoint=1000, large=1001[32m 6[2mms[22m[39m
2026-09-10T07:27:07.2802188Z      [32m✓[39m on_open_change handler receives open state, desktop state, and trigger[32m 11[2mms[22m[39m
2026-09-10T07:27:07.2803442Z      [32m✓[39m mobile button opens the ToC and cross-fades its icon[32m 12[2mms[22m[39m
2026-09-10T07:27:07.2804940Z      [33m[2m✓[22m[39m active heading is scrolled into view and highlighted when opening ToC on mobile[33m 336[2mms[22m[39m
2026-09-10T07:27:07.2806274Z      [32m✓[39m ArrowDown then ArrowUp returns to the start[32m 15[2mms[22m[39m
2026-09-10T07:27:07.2807465Z      [32m✓[39m ArrowDown moves to the next item[32m 10[2mms[22m[39m
2026-09-10T07:27:07.2808396Z      [32m✓[39m ArrowDown holds at the last item[32m 7[2mms[22m[39m
2026-09-10T07:27:07.2809618Z      [32m✓[39m ArrowUp holds at the first item[32m 22[2mms[22m[39m
2026-09-10T07:27:07.2810877Z      [32m✓[39m desktop arrow keys move focus + selection and "Enter" follows the real link[32m 8[2mms[22m[39m
2026-09-10T07:27:07.2812428Z      [32m✓[39m desktop arrow keys move focus + selection and " " follows the real link[32m 9[2mms[22m[39m
2026-09-10T07:27:07.2813721Z      [32m✓[39m only the active ToC item carries aria-current="location"[32m 6[2mms[22m[39m
2026-09-10T07:27:07.2814958Z      [32m✓[39m space with scroll_behavior=  scrolls with behavior smooth[32m 11[2mms[22m[39m
2026-09-10T07:27:07.2816506Z      [32m✓[39m enter with scroll_behavior=Enter scrolls with behavior smooth[32m 8[2mms[22m[39m
2026-09-10T07:27:07.2817807Z      [32m✓[39m space with scroll_behavior=  scrolls with behavior auto[32m 9[2mms[22m[39m
2026-09-10T07:27:07.2819253Z      [32m✓[39m enter with scroll_behavior=Enter scrolls with behavior auto[32m 11[2mms[22m[39m
2026-09-10T07:27:07.2820636Z      [32m✓[39m enter with scroll_behavior=Enter scrolls with behavior undefined[32m 17[2mms[22m[39m
2026-09-10T07:27:07.2821974Z      [32m✓[39m click with scroll_behavior=null scrolls with behavior auto[32m 9[2mms[22m[39m
2026-09-10T07:27:07.2823224Z      [32m✓[39m click with scroll_behavior=null scrolls with behavior smooth[32m 24[2mms[22m[39m
2026-09-10T07:27:07.2824252Z      [32m✓[39m Escape closes the mobile ToC[32m 23[2mms[22m[39m
2026-09-10T07:27:07.2825243Z      [32m✓[39m Tab out of a focused ToC closes it[32m 22[2mms[22m[39m
2026-09-10T07:27:07.2826237Z      [32m✓[39m an empty react_to_keys ignores Escape[32m 12[2mms[22m[39m
2026-09-10T07:27:07.2827444Z      [32m✓[39m Escape with a focused desktop ToC has nothing to close and stays un-prevented[32m 11[2mms[22m[39m
2026-09-10T07:27:07.2829008Z      [32m✓[39m mutation observer tracks headings added and removed after mount[32m 14[2mms[22m[39m
2026-09-10T07:27:07.2830481Z      [32m✓[39m unrelated DOM mutations skip the heading rebuild while real changes don't[32m 12[2mms[22m[39m
2026-09-10T07:27:07.2831757Z      [32m✓[39m heading characterData edits update the ToC[32m 15[2mms[22m[39m
2026-09-10T07:27:07.2832793Z      [32m✓[39m heading childList edits update the ToC[32m 6[2mms[22m[39m
2026-09-10T07:27:07.2833865Z      [32m✓[39m heading id attribute changes update link targets[32m 6[2mms[22m[39m
2026-09-10T07:27:07.2835084Z      [32m✓[39m selector-driven attribute changes update heading membership[32m 7[2mms[22m[39m
2026-09-10T07:27:07.2836475Z      [32m✓[39m rebinds when a heading element is replaced with identical content[32m 5[2mms[22m[39m
2026-09-10T07:27:07.2837537Z      [32m✓[39m scroll_target behavior [2m(6)[22m
2026-09-10T07:27:07.2838731Z        [32m✓[39m scrollend releases scroll_target back to scroll detection[32m 9[2mms[22m[39m
2026-09-10T07:27:07.2840590Z        [32m✓[39m the fallback timeout releases scroll_target back to scroll detection[32m 8[2mms[22m[39m
2026-09-10T07:27:07.2841909Z        [32m✓[39m scroll_target holds while the smooth scroll closes in[32m 7[2mms[22m[39m
2026-09-10T07:27:07.2843094Z        [32m✓[39m scroll_target releases when the user scrolls away[32m 6[2mms[22m[39m
2026-09-10T07:27:07.2844254Z        [32m✓[39m removing scroll target activates a remaining heading[32m 8[2mms[22m[39m
2026-09-10T07:27:07.2845330Z        [32m✓[39m rapid clicks activate last clicked item[32m 9[2mms[22m[39m
2026-09-10T07:27:07.2846133Z    [32m✓[39m hide_on_intersect [2m(6)[22m
2026-09-10T07:27:07.2846952Z      [32m✓[39m hides the ToC when a banner overlaps it[32m 6[2mms[22m[39m
2026-09-10T07:27:07.2847887Z      [32m✓[39m keeps the ToC when no banner overlaps[32m 5[2mms[22m[39m
2026-09-10T07:27:07.2849140Z      [32m✓[39m ignores overlap on mobile[32m 5[2mms[22m[39m
2026-09-10T07:27:07.2849972Z      [32m✓[39m accepts an HTMLElement array[32m 4[2mms[22m[39m
2026-09-10T07:27:07.2850810Z      [32m✓[39m ignores a selector matching nothing[32m 4[2mms[22m[39m
2026-09-10T07:27:07.2851679Z      [32m✓[39m re-shows the ToC once the overlap ends[32m 5[2mms[22m[39m
2026-09-10T07:27:07.2852377Z    [32m✓[39m Element Prop Bags [2m(14)[22m
2026-09-10T07:27:07.2853084Z      [32m✓[39m applies aside prop bag attributes[32m 5[2mms[22m[39m
2026-09-10T07:27:07.2853866Z      [32m✓[39m applies nav prop bag attributes[32m 4[2mms[22m[39m
2026-09-10T07:27:07.2854667Z      [32m✓[39m applies title prop bag attributes[32m 11[2mms[22m[39m
2026-09-10T07:27:07.2855706Z      [32m✓[39m applies ol prop bag attributes[32m 7[2mms[22m[39m
2026-09-10T07:27:07.2856503Z      [32m✓[39m applies li prop bag attributes[32m 10[2mms[22m[39m
2026-09-10T07:27:07.2857355Z      [32m✓[39m applies open button prop bag attributes[32m 5[2mms[22m[39m
2026-09-10T07:27:07.2858462Z      [32m✓[39m li_props.style preserves generated styles without multiline whitespace[32m 5[2mms[22m[39m
2026-09-10T07:27:07.2859854Z      [32m✓[39m the hover rule is declared after the active rule[32m 4[2mms[22m[39m
2026-09-10T07:27:07.2861124Z      [32m✓[39m uses expected selector specificity for aside base rule[32m 5[2mms[22m[39m
2026-09-10T07:27:07.2862464Z      [32m✓[39m uses expected selector specificity for nav base rule[32m 3[2mms[22m[39m
2026-09-10T07:27:07.2863920Z      [32m✓[39m uses expected selector specificity for list item base rule[32m 4[2mms[22m[39m
2026-09-10T07:27:07.2865456Z      [32m✓[39m uses expected selector specificity for open button base rule[32m 3[2mms[22m[39m
2026-09-10T07:27:07.2867048Z      [32m✓[39m uses expected selector specificity for ordered list structural rule[32m 3[2mms[22m[39m
2026-09-10T07:27:07.2868623Z      [32m✓[39m uses expected selector specificity for open button box rule[32m 3[2mms[22m[39m
2026-09-10T07:27:07.2870020Z    [32m✓[39m collapse_subheadings [2m(10)[22m
2026-09-10T07:27:07.2871087Z      [32m✓[39m all items visible when collapse_subheadings=false[32m 17[2mms[22m[39m
2026-09-10T07:27:07.2872266Z      [32m✓[39m full nesting with h2 active[32m 20[2mms[22m[39m
2026-09-10T07:27:07.2873293Z      [32m✓[39m full nesting with h3 active[32m 17[2mms[22m[39m
2026-09-10T07:27:07.2874322Z      [32m✓[39m full nesting with h4 active[32m 15[2mms[22m[39m
2026-09-10T07:27:07.2875242Z      [32m✓[39m full nesting with deep active under second h3[32m 49[2mms[22m[39m
2026-09-10T07:27:07.2875820Z      [32m✓[39m h3 threshold with h2 active[32m 19[2mms[22m[39m
2026-09-10T07:27:07.2876360Z      [32m✓[39m invalid collapse mode h9 throws[32m 6[2mms[22m[39m
2026-09-10T07:27:07.2876896Z      [32m✓[39m invalid collapse mode hx throws[32m 2[2mms[22m[39m
2026-09-10T07:27:07.2877420Z      [32m✓[39m invalid collapse mode 3 throws[32m 1[2mms[22m[39m
2026-09-10T07:27:07.2878191Z      [32m✓[39m unmocked mount expands only the active heading's ancestor chain[32m 20[2mms[22m[39m
2026-09-10T07:27:07.2879781Z    [32m✓[39m overlapping TOCs restore root styles on scrollend[32m 14[2mms[22m[39m
2026-09-10T07:27:07.2881076Z    [32m✓[39m overlapping TOCs restore root styles on timeout[32m 30[2mms[22m[39m
2026-09-10T07:27:07.2882329Z    [32m✓[39m overlapping TOCs restore root styles on older unmount[32m 12[2mms[22m[39m
2026-09-10T07:27:07.2883605Z    [32m✓[39m overlapping TOCs restore root styles on newer unmount[32m 10[2mms[22m[39m
2026-09-10T07:27:10.0596599Z  [32m✓[39m tests/vitest/Nav.test.ts [2m([22m[2m83 tests[22m[2m)[22m[33m 918[2mms[22m[39m
2026-09-10T07:27:12.0194802Z [90mstderr[2m | tests/vitest/CommandMenu.svelte.test.ts[2m > [22m[2mPageSearch[2m > [22m[2mkeeps local matches while Pagefind load is pending, fails, and retries
2026-09-10T07:27:12.0196246Z [22m[39mOptionList: load_options error: Error: Unavailable
2026-09-10T07:27:12.0197003Z     at [90m/home/runner/work/svelte-widgets/svelte-widgets/[39mtests/vitest/CommandMenu.svelte.test.ts:1125:22
2026-09-10T07:27:12.0198037Z     at [90mfile:///home/runner/work/svelte-widgets/svelte-widgets/[39mnode_modules/[4mvitest[24m/dist/chunks/run.CQOUYP-x.js:2783:20
2026-09-10T07:27:12.0198546Z 
2026-09-10T07:27:12.0441248Z [90mstderr[2m | tests/vitest/CommandMenu.svelte.test.ts[2m > [22m[2mPageSearch[2m > [22m[2mkeeps local matches while Pagefind search is pending, fails, and retries
2026-09-10T07:27:12.0443197Z [22m[39mOptionList: load_options error: Error: Unavailable
2026-09-10T07:27:12.0444637Z     at [90m/home/runner/work/svelte-widgets/svelte-widgets/[39mtests/vitest/CommandMenu.svelte.test.ts:1125:22
2026-09-10T07:27:12.0446365Z     at [90mfile:///home/runner/work/svelte-widgets/svelte-widgets/[39mnode_modules/[4mvitest[24m/dist/chunks/run.CQOUYP-x.js:2783:20
2026-09-10T07:27:12.0446907Z 
2026-09-10T07:27:12.3601594Z  [32m✓[39m tests/vitest/CommandMenu.svelte.test.ts [2m([22m[2m95 tests[22m[2m)[22m[33m 3223[2mms[22m[39m
2026-09-10T07:27:13.1130236Z  [32m✓[39m tests/vitest/MultiSelect.svelte.test.ts [2m([22m[2m357 tests[22m[2m)[22m[33m 3929[2mms[22m[39m
2026-09-10T07:27:13.1551491Z  [32m✓[39m tests/vitest/utils.test.ts [2m([22m[2m288 tests[22m[2m)[22m[32m 150[2mms[22m[39m
2026-09-10T07:27:15.5837572Z  [32m✓[39m tests/vitest/MultiSelect.async.svelte.test.ts [2m([22m[2m62 tests[22m[2m)[22m[33m 1394[2mms[22m[39m
2026-09-10T07:27:16.0041202Z [90mstderr[2m | tests/vitest/markdown.test.ts[2m > [22m[2mcode and math[2m > [22m[2mrenders math while excluding code, escapes, attributes and scripts
2026-09-10T07:27:16.0070462Z [22m[39mWarning: KaTeX doesn't work in quirks mode. Make sure your website has a suitable doctype.
2026-09-10T07:27:16.0089557Z 
2026-09-10T07:27:16.3841508Z  [32m✓[39m tests/vitest/JsonTree.svelte.test.ts [2m([22m[2m109 tests[22m[2m)[22m[33m 5270[2mms[22m[39m
2026-09-10T07:27:16.3843094Z    [32m✓[39m folding [2m(16)[22m
2026-09-10T07:27:16.3844821Z      [33m[2m✓[22m[39m mounts long containers in pages of 100 that grow by a page or to the whole list[33m 502[2mms[22m[39m
2026-09-10T07:27:16.3846761Z      [33m[2m✓[22m[39m reveals paginated search matches in [33m 627[2mms[22m[39m
2026-09-10T07:27:16.3848405Z      [33m[2m✓[22m[39m reveals paginated search matches in data.json[33m 625[2mms[22m[39m
2026-09-10T07:27:16.3850222Z      [33m[2m✓[22m[39m reveals paginated search matches in my-file[raw][33m 571[2mms[22m[39m
2026-09-10T07:27:16.3851515Z    [32m✓[39m search [2m(7)[22m
2026-09-10T07:27:16.3853134Z      [33m[2m✓[22m[39m shows match navigation with wrap-around, clamps when results shrink, Escape clears[33m 333[2mms[22m[39m
2026-09-10T07:27:16.3987935Z  [32m✓[39m tests/vitest/markdown.test.ts [2m([22m[2m73 tests[22m[2m)[22m[33m 629[2mms[22m[39m
2026-09-10T07:27:16.6924024Z  [32m✓[39m tests/vitest/toast.svelte.test.ts [2m([22m[2m65 tests[22m[2m)[22m[32m 254[2mms[22m[39m
2026-09-10T07:27:17.7451913Z  [32m✓[39m tests/vitest/attachments/tooltip.test.ts [2m([22m[2m46 tests[22m[2m)[22m[33m 351[2mms[22m[39m
2026-09-10T07:27:18.0851687Z  [32m✓[39m tests/vitest/DraggablePane.test.ts [2m([22m[2m46 tests[22m[2m)[22m[33m 854[2mms[22m[39m
2026-09-10T07:27:18.1714691Z [90mstderr[2m | tests/vitest/masonry.test.ts[2m > [22m[2mMasonry[2m > [22m[2mmerges container attributes and style with layout and spreads column_props
2026-09-10T07:27:18.1737657Z [22m[39mMasonry: max_col_width (150) < min_col_width (330).
2026-09-10T07:27:18.1788381Z 
2026-09-10T07:27:19.8847149Z  [32m✓[39m tests/vitest/MultiSelect.keyboard.svelte.test.ts [2m([22m[2m66 tests[22m[2m)[22m[33m 1123[2mms[22m[39m
2026-09-10T07:27:19.9381014Z  [32m✓[39m tests/vitest/code-editor.svelte.test.ts [2m([22m[2m34 tests[22m[2m)[22m[33m 961[2mms[22m[39m
2026-09-10T07:27:20.7876806Z  [32m✓[39m tests/vitest/attachments/resizable.test.ts [2m([22m[2m45 tests[22m[2m)[22m[32m 157[2mms[22m[39m
2026-09-10T07:27:21.5899371Z  [32m✓[39m tests/vitest/json-tree.utils.test.ts [2m([22m[2m243 tests[22m[2m)[22m[32m 77[2mms[22m[39m
2026-09-10T07:27:21.9651265Z  [32m✓[39m tests/vitest/MultiSelect.grouping.svelte.test.ts [2m([22m[2m44 tests[22m[2m)[22m[33m 1010[2mms[22m[39m
2026-09-10T07:27:22.5010829Z  [32m✓[39m tests/vitest/text-search.test.ts [2m([22m[2m62 tests[22m[2m)[22m[32m 129[2mms[22m[39m
2026-09-10T07:27:24.0486173Z [90mstderr[2m | tests/vitest/SettingsSection.svelte.test.ts[2m > [22m[2mSettingsSection[2m > [22m[2mresets existing key to its mounted state
2026-09-10T07:27:24.0516533Z [22m[39m[svelte] assignment_value_stale
2026-09-10T07:27:24.0520303Z Assignment to `values` property (tests/​​vitest/​​SettingsSection.svelte.test.ts:180:18) will evaluate to the right-hand side, not the value of `values` following the assignment. This may result in unexpected behaviour.
2026-09-10T07:27:24.0548497Z https://svelte.dev/e/assignment_value_stale
2026-09-10T07:27:24.0610162Z 
2026-09-10T07:27:24.0717249Z [90mstderr[2m | tests/vitest/SettingsSection.svelte.test.ts[2m > [22m[2mSettingsSection[2m > [22m[2mresets new key to its mounted state
2026-09-10T07:27:24.0749691Z [22m[39m[svelte] assignment_value_stale
2026-09-10T07:27:24.0752683Z Assignment to `values` property (tests/​​vitest/​​SettingsSection.svelte.test.ts:180:18) will evaluate to the right-hand side, not the value of `values` following the assignment. This may result in unexpected behaviour.
2026-09-10T07:27:24.0754511Z https://svelte.dev/e/assignment_value_stale
2026-09-10T07:27:24.0754904Z 
2026-09-10T07:27:24.0924934Z [90mstderr[2m | tests/vitest/SettingsSection.svelte.test.ts[2m > [22m[2mSettingsSection[2m > [22m[2mresets underscored key to its mounted state
2026-09-10T07:27:24.0940025Z [22m[39m[svelte] assignment_value_stale
2026-09-10T07:27:24.0962082Z Assignment to `values` property (tests/​​vitest/​​SettingsSection.svelte.test.ts:180:18) will evaluate to the right-hand side, not the value of `values` following the assignment. This may result in unexpected behaviour.
2026-09-10T07:27:24.0981095Z https://svelte.dev/e/assignment_value_stale
2026-09-10T07:27:24.1010838Z 
2026-09-10T07:27:24.1102992Z [90mstderr[2m | tests/vitest/SettingsSection.svelte.test.ts[2m > [22m[2mSettingsSection[2m > [22m[2msection reset restores every changed key when on_reset is omitted
2026-09-10T07:27:24.1133751Z [22m[39m[svelte] assignment_value_stale
2026-09-10T07:27:24.1136143Z Assignment to `values` property (tests/​​vitest/​​SettingsSection.svelte.test.ts:207:18) will evaluate to the right-hand side, not the value of `values` following the assignment. This may result in unexpected behaviour.
2026-09-10T07:27:24.1137966Z https://svelte.dev/e/assignment_value_stale
2026-09-10T07:27:24.1138376Z 
2026-09-10T07:27:24.3231131Z  [32m✓[39m tests/vitest/SettingsSection.svelte.test.ts [2m([22m[2m18 tests[22m[2m)[22m[33m 302[2mms[22m[39m
2026-09-10T07:27:24.4230998Z  [32m✓[39m tests/vitest/RangeSlider.svelte.test.ts [2m([22m[2m98 tests[22m[2m)[22m[33m 897[2mms[22m[39m
2026-09-10T07:27:25.0223617Z  [32m✓[39m tests/vitest/masonry.test.ts [2m([22m[2m123 tests[22m[2m)[22m[33m 7397[2mms[22m[39m
2026-09-10T07:27:25.0226914Z    [32m✓[39m Masonry [2m(48)[22m
2026-09-10T07:27:25.0228271Z      [33m[2m✓[22m[39m calculates columns: width=370, minCol=50, gap=10 -> 6 cols[33m 778[2mms[22m[39m
2026-09-10T07:27:25.0230118Z      [33m[2m✓[22m[39m calculates columns: width=100, minCol=50, gap=0 -> 2 cols[33m 583[2mms[22m[39m
2026-09-10T07:27:25.0231676Z      [33m[2m✓[22m[39m calculates columns: width=200, minCol=100, gap=50 -> 1 cols[33m 326[2mms[22m[39m
2026-09-10T07:27:25.0233369Z      [33m[2m✓[22m[39m calculates columns: width=500, minCol=100, gap=10 -> 4 cols[33m 434[2mms[22m[39m
2026-09-10T07:27:25.0235304Z      [33m[2m✓[22m[39m calculates columns: width=109, minCol=100, gap=10 -> 1 cols[33m 321[2mms[22m[39m
2026-09-10T07:27:25.0237048Z      [33m[2m✓[22m[39m calculates columns: width=220, minCol=100, gap=10 -> 2 cols[33m 367[2mms[22m[39m
2026-09-10T07:27:25.0238724Z      [33m[2m✓[22m[39m warns if max_col_width < min_col_width[33m 446[2mms[22m[39m
2026-09-10T07:27:25.0240992Z      [33m[2m✓[22m[39m resolves column count from { initial_cols: 99, masonry_width: 0 }[33m 386[2mms[22m[39m
2026-09-10T07:27:25.0253013Z      [33m[2m✓[22m[39m resolves column count from { masonry_width: 0, …(1) }[33m 481[2mms[22m[39m
2026-09-10T07:27:26.3731336Z  [32m✓[39m tests/vitest/ActionMenu.svelte.test.ts [2m([22m[2m39 tests[22m[2m)[22m[33m 354[2mms[22m[39m
2026-09-10T07:27:27.5136552Z  [32m✓[39m tests/vitest/code-editor-diff-view.svelte.test.ts [2m([22m[2m18 tests[22m[2m)[22m[33m 2226[2mms[22m[39m
2026-09-10T07:27:27.5162800Z    [33m[2m✓[22m[39m 150000 elided lines expand and keep gaps independent[33m 1046[2mms[22m[39m
2026-09-10T07:27:27.8099481Z  [32m✓[39m tests/vitest/CopyButton.test.ts [2m([22m[2m40 tests[22m[2m)[22m[33m 472[2mms[22m[39m
2026-09-10T07:27:28.7904151Z [90mstderr[2m | tests/vitest/fullscreen.test.ts[2m > [22m[2mflag <-> browser sync[2m > [22m[2munmounting stops tracking fullscreenchange
2026-09-10T07:27:28.7933715Z [22m[39m[svelte] lifecycle_double_unmount
2026-09-10T07:27:28.7947490Z Tried to unmount a component that was not mounted
2026-09-10T07:27:28.7948518Z https://svelte.dev/e/lifecycle_double_unmount
2026-09-10T07:27:28.7949631Z 
2026-09-10T07:27:28.8027836Z  [32m✓[39m tests/vitest/ButtonGroup.test.ts [2m([22m[2m36 tests[22m[2m)[22m[33m 401[2mms[22m[39m
2026-09-10T07:27:28.8625546Z  [32m✓[39m tests/vitest/fullscreen.test.ts [2m([22m[2m24 tests[22m[2m)[22m[32m 138[2mms[22m[39m
2026-09-10T07:27:29.5661796Z  [32m✓[39m tests/vitest/attachments/click-outside.test.ts [2m([22m[2m19 tests[22m[2m)[22m[32m 45[2mms[22m[39m
2026-09-10T07:27:29.6308720Z  [32m✓[39m tests/vitest/attachments/focus-trap.test.ts [2m([22m[2m25 tests[22m[2m)[22m[32m 138[2mms[22m[39m
2026-09-10T07:27:30.2751226Z  [32m✓[39m tests/vitest/attachments/highlight-matches.test.ts [2m([22m[2m28 tests[22m[2m)[22m[32m 62[2mms[22m[39m
2026-09-10T07:27:30.7626546Z  [32m✓[39m tests/vitest/markdown-content.test.ts [2m([22m[2m44 tests[22m[2m)[22m[33m 497[2mms[22m[39m
2026-09-10T07:27:30.7632267Z    [32m✓[39m Markdown content manifests [2m(37)[22m
2026-09-10T07:27:30.7633682Z      [33m[2m✓[22m[39m maps quoted lists with trailing whitespace: "> - [Next](/next) "[33m 380[2mms[22m[39m
2026-09-10T07:27:32.4840836Z  [32m✓[39m tests/vitest/SettingsSearch.svelte.test.ts [2m([22m[2m14 tests[22m[2m)[22m[33m 687[2mms[22m[39m
2026-09-10T07:27:32.4842298Z    [32m✓[39m SettingsSearch [2m(14)[22m
2026-09-10T07:27:32.4845042Z      [33m[2m✓[22m[39m reuses its search index and refreshes changed text, metadata and rows[33m 337[2mms[22m[39m
2026-09-10T07:27:33.0510871Z  [32m✓[39m tests/vitest/FileDetails.svelte.test.ts [2m([22m[2m28 tests[22m[2m)[22m[33m 1663[2mms[22m[39m
2026-09-10T07:27:33.0517626Z    [33m[2m✓[22m[39m unsupported language falls back to escaped raw content[33m 927[2mms[22m[39m
2026-09-10T07:27:33.4221093Z  [32m✓[39m tests/vitest/Popover.svelte.test.ts [2m([22m[2m18 tests[22m[2m)[22m[32m 217[2mms[22m[39m
2026-09-10T07:27:34.0760907Z  [32m✓[39m tests/vitest/FindBar.svelte.test.ts [2m([22m[2m24 tests[22m[2m)[22m[32m 189[2mms[22m[39m
2026-09-10T07:27:34.5666554Z  [32m✓[39m tests/vitest/attachments/file-drop.test.ts [2m([22m[2m12 tests[22m[2m)[22m[33m 494[2mms[22m[39m
2026-09-10T07:27:34.6626390Z  [32m✓[39m tests/vitest/code-editor-model.test.ts [2m([22m[2m27 tests[22m[2m | [22m[33m1 skipped[39m[2m)[22m[32m 118[2mms[22m[39m
2026-09-10T07:27:35.3701748Z  [32m✓[39m tests/vitest/attachments/draggable.test.ts [2m([22m[2m18 tests[22m[2m)[22m[32m 53[2mms[22m[39m
2026-09-10T07:27:35.5170492Z  [32m✓[39m tests/vitest/ConfirmDialog.svelte.test.ts [2m([22m[2m12 tests[22m[2m)[22m[32m 179[2mms[22m[39m
2026-09-10T07:27:36.2173612Z  [32m✓[39m tests/vitest/SplitPane.test.ts [2m([22m[2m24 tests[22m[2m)[22m[32m 138[2mms[22m[39m
2026-09-10T07:27:37.0031196Z  [32m✓[39m tests/vitest/MultiSelect.paste.svelte.test.ts [2m([22m[2m22 tests[22m[2m)[22m[33m 448[2mms[22m[39m
2026-09-10T07:27:37.0938255Z  [32m✓[39m tests/vitest/canvas.svelte.test.ts [2m([22m[2m14 tests[22m[2m)[22m[32m 156[2mms[22m[39m
2026-09-10T07:27:37.8271244Z  [32m✓[39m tests/vitest/heading-anchors.test.ts [2m([22m[2m32 tests[22m[2m)[22m[32m 134[2mms[22m[39m
2026-09-10T07:27:38.5162511Z  [32m✓[39m tests/vitest/MultiSelect.portal.svelte.test.ts [2m([22m[2m13 tests[22m[2m)[22m[33m 374[2mms[22m[39m
2026-09-10T07:27:38.6652200Z  [32m✓[39m tests/vitest/Dialog.svelte.test.ts [2m([22m[2m16 tests[22m[2m)[22m[32m 138[2mms[22m[39m
2026-09-10T07:27:39.7008545Z  [32m✓[39m tests/vitest/WidgetFeatures.svelte.test.ts [2m([22m[2m15 tests[22m[2m)[22m[32m 146[2mms[22m[39m
2026-09-10T07:27:40.0071741Z  [32m✓[39m tests/vitest/MultiSelect.a11y.svelte.test.ts [2m([22m[2m15 tests[22m[2m)[22m[33m 349[2mms[22m[39m
2026-09-10T07:27:40.2994950Z  [32m✓[39m tests/vitest/pagefind.test.ts [2m([22m[2m19 tests[22m[2m)[22m[32m 36[2mms[22m[39m
2026-09-10T07:27:41.0413722Z  [32m✓[39m tests/vitest/attachments/sortable.test.ts [2m([22m[2m14 tests[22m[2m)[22m[32m 85[2mms[22m[39m
2026-09-10T07:27:41.4367677Z  [32m✓[39m tests/vitest/assets.test.ts [2m([22m[2m49 tests[22m[2m)[22m[32m 282[2mms[22m[39m
2026-09-10T07:27:41.7685314Z  [32m✓[39m tests/vitest/source-links.test.ts [2m([22m[2m20 tests[22m[2m)[22m[32m 112[2mms[22m[39m
2026-09-10T07:27:42.5021810Z  [32m✓[39m tests/vitest/file-drop.test.ts [2m([22m[2m18 tests[22m[2m)[22m[33m 411[2mms[22m[39m
2026-09-10T07:27:42.5023505Z    [33m[2m✓[22m[39m a branching cycle is stopped by the entry budget[33m 378[2mms[22m[39m
2026-09-10T07:27:44.2821140Z  [32m✓[39m tests/vitest/roving-focus.svelte.test.ts [2m([22m[2m24 tests[22m[2m)[22m[33m 1009[2mms[22m[39m
2026-09-10T07:27:45.5019682Z  [32m✓[39m tests/vitest/ThemeToggle.test.ts [2m([22m[2m18 tests[22m[2m)[22m[32m 171[2mms[22m[39m
2026-09-10T07:27:45.8527459Z  [32m✓[39m tests/vitest/MultiSelect.virtualList.svelte.test.ts [2m([22m[2m14 tests[22m[2m)[22m[33m 3089[2mms[22m[39m
2026-09-10T07:27:45.8559790Z    [32m✓[39m virtual_list [2m(14)[22m
2026-09-10T07:27:45.8570196Z      [33m[2m✓[22m[39m virtual_list=false renders 1000 of 1000 options[33m 820[2mms[22m[39m
2026-09-10T07:27:45.8572062Z      [33m[2m✓[22m[39m scrolling the dropdown re-windows which options are rendered[33m 439[2mms[22m[39m
2026-09-10T07:27:46.2170144Z  [32m✓[39m tests/vitest/attachments/contrast.test.ts [2m([22m[2m73 tests[22m[2m)[22m[32m 51[2mms[22m[39m
2026-09-10T07:27:46.7664771Z  [32m✓[39m tests/vitest/code-editor-highlight-client.test.ts [2m([22m[2m7 tests[22m[2m)[22m[33m 330[2mms[22m[39m
2026-09-10T07:27:47.5203902Z  [32m✓[39m tests/vitest/MultiSelect.range.test.ts [2m([22m[2m10 tests[22m[2m)[22m[33m 363[2mms[22m[39m
2026-09-10T07:27:48.8394151Z [90mstderr[2m | tests/vitest/site-content.test.ts[2m > [22m[2menriches metadata and indexes scientific targets once without changing hydration markup
2026-09-10T07:27:48.8403257Z [22m[39mWarning: KaTeX doesn't work in quirks mode. Make sure your website has a suitable doctype.
2026-09-10T07:27:48.8404333Z 
2026-09-10T07:27:48.9992702Z  [32m✓[39m tests/vitest/site-content.test.ts [2m([22m[2m4 tests[22m[2m)[22m[33m 725[2mms[22m[39m
2026-09-10T07:27:49.0020660Z    [33m[2m✓[22m[39m uses rendered anchors, authored locations, and ignores only marked demo links[33m 543[2mms[22m[39m
2026-09-10T07:27:51.2807198Z  [32m✓[39m tests/vitest/Icon.test.ts [2m([22m[2m14 tests[22m[2m)[22m[33m 3392[2mms[22m[39m
2026-09-10T07:27:51.2839850Z    [32m✓[39m Icon [2m(7)[22m
2026-09-10T07:27:51.2869912Z      [33m[2m✓[22m[39m every icon renders its viewBox, fill, stroke and shape[33m 1074[2mms[22m[39m
2026-09-10T07:27:51.2871142Z    [32m✓[39m icon catalog page [2m(1)[22m
2026-09-10T07:27:51.2899831Z      [33m[2m✓[22m[39m clears a stale copy error before retrying[33m 2243[2mms[22m[39m
2026-09-10T07:27:52.0526020Z  [32m✓[39m tests/vitest/highlight/highlighter.test.ts [2m([22m[2m27 tests[22m[2m)[22m[33m 2330[2mms[22m[39m
2026-09-10T07:27:52.0534555Z    [33m[2m✓[22m[39m keeps the default_highlighter browser bundle within its gzip budget[33m 495[2mms[22m[39m
2026-09-10T07:27:52.0536817Z    [33m[2m✓[22m[39m keeps the create_highlighter browser bundle within its gzip budget[33m 332[2mms[22m[39m
2026-09-10T07:27:52.0538280Z    [32m✓[39m default_highlighter.highlight_block [2m(20)[22m
2026-09-10T07:27:52.0540152Z      [33m[2m✓[22m[39m shares one default instance with lazy component consumers[33m 820[2mms[22m[39m
2026-09-10T07:27:52.3161067Z  [32m✓[39m tests/vitest/Tabs.svelte.test.ts [2m([22m[2m10 tests[22m[2m)[22m[32m 132[2mms[22m[39m
2026-09-10T07:27:52.9616976Z  [32m✓[39m tests/vitest/Accordion.svelte.test.ts [2m([22m[2m11 tests[22m[2m)[22m[32m 125[2mms[22m[39m
2026-09-10T07:27:53.1032138Z  [32m✓[39m tests/vitest/LiteYouTubeEmbed.svelte.test.ts [2m([22m[2m11 tests[22m[2m)[22m[32m 132[2mms[22m[39m
2026-09-10T07:27:54.3603712Z  [32m✓[39m tests/vitest/ActionButton.test.ts [2m([22m[2m10 tests[22m[2m)[22m[32m 142[2mms[22m[39m
2026-09-10T07:27:54.7424014Z  [32m✓[39m tests/vitest/DemoNav.test.ts [2m([22m[2m8 tests[22m[2m)[22m[33m 370[2mms[22m[39m
2026-09-10T07:27:55.4364187Z [90mstderr[2m | tests/vitest/markdown-references.test.ts[2m > [22m[2mScientific Markdown references[2m > [22m[2mnumbers forward equations, figures and citations consistently in HTML and Svelte
2026-09-10T07:27:55.4380648Z [22m[39mWarning: KaTeX doesn't work in quirks mode. Make sure your website has a suitable doctype.
2026-09-10T07:27:55.4385846Z 
2026-09-10T07:27:55.5577365Z  [32m✓[39m tests/vitest/markdown-references.test.ts [2m([22m[2m12 tests[22m[2m)[22m[32m 148[2mms[22m[39m
2026-09-10T07:27:55.5752257Z  [32m✓[39m tests/vitest/dialogs.test.ts [2m([22m[2m11 tests[22m[2m)[22m[32m 54[2mms[22m[39m
2026-09-10T07:27:56.0701419Z  [32m✓[39m tests/vitest/storage.test.ts [2m([22m[2m28 tests[22m[2m)[22m[32m 19[2mms[22m[39m
2026-09-10T07:27:56.8396938Z  [32m✓[39m tests/vitest/async-docs.test.ts [2m([22m[2m6 tests[22m[2m)[22m[32m 217[2mms[22m[39m
2026-09-10T07:27:56.9414712Z [90mstderr[2m | tests/vitest/CodeBlock.svelte.test.ts[2m > [22m[2mstale resolve cannot replace an updated code
2026-09-10T07:27:56.9428182Z [22m[39m[svelte] lifecycle_double_unmount
2026-09-10T07:27:56.9429553Z Tried to unmount a component that was not mounted
2026-09-10T07:27:56.9430520Z https://svelte.dev/e/lifecycle_double_unmount
2026-09-10T07:27:56.9431259Z 
2026-09-10T07:27:57.0954507Z [90mstderr[2m | tests/vitest/CodeBlock.svelte.test.ts[2m > [22m[2mstale reject cannot replace an updated language
2026-09-10T07:27:57.0956165Z [22m[39m[svelte] lifecycle_double_unmount
2026-09-10T07:27:57.0957195Z Tried to unmount a component that was not mounted
2026-09-10T07:27:57.0958651Z https://svelte.dev/e/lifecycle_double_unmount
2026-09-10T07:27:57.0959552Z 
2026-09-10T07:27:57.2525529Z [90mstderr[2m | tests/vitest/CodeBlock.svelte.test.ts[2m > [22m[2mstale resolve cannot replace an updated highlight
2026-09-10T07:27:57.2548538Z [22m[39m[svelte] lifecycle_double_unmount
2026-09-10T07:27:57.2549584Z Tried to unmount a component that was not mounted
2026-09-10T07:27:57.2550041Z https://svelte.dev/e/lifecycle_double_unmount
2026-09-10T07:27:57.2550265Z 
2026-09-10T07:27:57.4093487Z  [32m✓[39m tests/vitest/portal.test.ts [2m([22m[2m6 tests[22m[2m)[22m[32m 30[2mms[22m[39m
2026-09-10T07:27:57.4679170Z [90mstderr[2m | tests/vitest/CodeBlock.svelte.test.ts[2m > [22m[2munmounting before highlighting starts skips the queued work
2026-09-10T07:27:57.4680849Z [22m[39m[svelte] lifecycle_double_unmount
2026-09-10T07:27:57.4681940Z Tried to unmount a component that was not mounted
2026-09-10T07:27:57.4682893Z https://svelte.dev/e/lifecycle_double_unmount
2026-09-10T07:27:57.4683445Z 
2026-09-10T07:27:57.4940331Z  [32m✓[39m tests/vitest/CodeBlock.svelte.test.ts [2m([22m[2m8 tests[22m[2m)[22m[33m 824[2mms[22m[39m
2026-09-10T07:27:58.3868058Z  [32m✓[39m tests/vitest/feedback.svelte.test.ts [2m([22m[2m11 tests[22m[2m)[22m[32m 61[2mms[22m[39m
2026-09-10T07:27:58.8621685Z  [32m✓[39m tests/vitest/NumberRangeInput.svelte.test.ts [2m([22m[2m44 tests[22m[2m)[22m[32m 291[2mms[22m[39m
2026-09-10T07:27:59.4291205Z  [32m✓[39m tests/vitest/PrevNext.test.ts [2m([22m[2m14 tests[22m[2m)[22m[32m 107[2mms[22m[39m
2026-09-10T07:27:59.7656777Z  [32m✓[39m tests/vitest/CodeExample.test.ts [2m([22m[2m7 tests[22m[2m)[22m[32m 83[2mms[22m[39m
2026-09-10T07:28:00.4962524Z  [32m✓[39m tests/vitest/code-editor-edit-ops.test.ts [2m([22m[2m41 tests[22m[2m)[22m[32m 255[2mms[22m[39m
2026-09-10T07:28:00.8650907Z  [32m✓[39m tests/vitest/Toggle.svelte.test.ts [2m([22m[2m13 tests[22m[2m)[22m[32m 60[2mms[22m[39m
2026-09-10T07:28:01.0717498Z  [32m✓[39m tests/vitest/attachments/hotkey.test.ts [2m([22m[2m6 tests[22m[2m)[22m[32m 18[2mms[22m[39m
2026-09-10T07:28:01.8287972Z  [32m✓[39m tests/vitest/stats.svelte.test.ts [2m([22m[2m22 tests[22m[2m)[22m[32m 74[2mms[22m[39m
2026-09-10T07:28:02.3078400Z  [32m✓[39m tests/vitest/readme.test.ts [2m([22m[2m6 tests[22m[2m)[22m[32m 20[2mms[22m[39m
2026-09-10T07:28:02.3969812Z  [32m✓[39m tests/vitest/json-path.test.ts [2m([22m[2m60 tests[22m[2m)[22m[32m 27[2mms[22m[39m
2026-09-10T07:28:02.9327157Z  [32m✓[39m tests/vitest/print.test.ts [2m([22m[2m10 tests[22m[2m)[22m[32m 29[2mms[22m[39m
2026-09-10T07:28:03.0105179Z  [32m✓[39m tests/vitest/attachments/float.test.ts [2m([22m[2m7 tests[22m[2m)[22m[32m 30[2mms[22m[39m
2026-09-10T07:28:03.6591223Z  [32m✓[39m tests/vitest/attachments/forward-window-keydown.test.ts [2m([22m[2m8 tests[22m[2m)[22m[32m 19[2mms[22m[39m
2026-09-10T07:28:03.6941114Z  [32m✓[39m tests/vitest/clipboard.svelte.test.ts [2m([22m[2m6 tests[22m[2m)[22m[32m 33[2mms[22m[39m
2026-09-10T07:28:04.2095804Z  [32m✓[39m tests/vitest/url-params.test.ts [2m([22m[2m11 tests[22m[2m)[22m[32m 12[2mms[22m[39m
2026-09-10T07:28:04.4322323Z  [32m✓[39m tests/vitest/code-editor-tokens.test.ts [2m([22m[2m16 tests[22m[2m)[22m[32m 14[2mms[22m[39m
2026-09-10T07:28:05.1622463Z  [32m✓[39m tests/vitest/Footer.test.ts [2m([22m[2m7 tests[22m[2m)[22m[32m 53[2mms[22m[39m
2026-09-10T07:28:05.4926347Z [90mstderr[2m | tests/vitest/katex.test.ts[2m > [22m[2mMarkdown math[2m > [22m[2mrenders "$x$" with display mode false
2026-09-10T07:28:05.4950986Z [22m[39mWarning: KaTeX doesn't work in quirks mode. Make sure your website has a suitable doctype.
2026-09-10T07:28:05.4980125Z 
2026-09-10T07:28:05.6812917Z  [32m✓[39m tests/vitest/katex.test.ts [2m([22m[2m35 tests[22m[2m)[22m[32m 175[2mms[22m[39m
2026-09-10T07:28:05.9261372Z  [32m✓[39m tests/vitest/ContributorList.test.ts [2m([22m[2m4 tests[22m[2m)[22m[32m 92[2mms[22m[39m
2026-09-10T07:28:06.4091568Z  [32m✓[39m tests/vitest/vite-config.test.ts [2m([22m[2m14 tests[22m[2m)[22m[32m 136[2mms[22m[39m
2026-09-10T07:28:06.6065252Z  [32m✓[39m tests/vitest/yaml.test.ts [2m([22m[2m29 tests[22m[2m)[22m[32m 35[2mms[22m[39m
2026-09-10T07:28:07.0411101Z  [32m✓[39m tests/vitest/attachments/dismiss-on-outside-press.test.ts [2m([22m[2m3 tests[22m[2m)[22m[32m 26[2mms[22m[39m
2026-09-10T07:28:07.6242455Z  [32m✓[39m tests/vitest/attachments/portal.test.ts [2m([22m[2m7 tests[22m[2m)[22m[32m 15[2mms[22m[39m
2026-09-10T07:28:08.0133757Z  [32m✓[39m tests/vitest/finalize-package.test.ts [2m([22m[2m8 tests[22m[2m)[22m[32m 51[2mms[22m[39m
2026-09-10T07:28:09.0264682Z  [32m✓[39m tests/vitest/Wiggle.test.ts [2m([22m[2m6 tests[22m[2m)[22m[32m 40[2mms[22m[39m
2026-09-10T07:28:09.6625482Z  [32m✓[39m tests/vitest/attachments/auto-update-position.test.ts [2m([22m[2m1 test[22m[2m)[22m[32m 23[2mms[22m[39m
2026-09-10T07:28:10.0545467Z  [31m❯[39m tests/vitest/layout.test.ts [2m([22m[2m5 tests[22m[2m | [22m[31m1 failed[39m[2m)[22m[33m 682[2mms[22m[39m
2026-09-10T07:28:10.0570549Z [31m   [31m×[31m footer edit link for route / points at /[39m[32m 139[2mms[22m[39m
2026-09-10T07:28:10.0600183Z    [32m✓[39m footer edit link for route /changelog points at /changelog[32m 65[2mms[22m[39m
2026-09-10T07:28:10.0630573Z    [32m✓[39m footer edit link for route /(demos)/(inputs)/(multiselect)/multiselect points at /multiselect[32m 253[2mms[22m[39m
2026-09-10T07:28:10.0647493Z    [32m✓[39m footer edit link for route null points at /no-such-page[32m 49[2mms[22m[39m
2026-09-10T07:28:10.0659888Z    [32m✓[39m command search includes custom demo labels[32m 171[2mms[22m[39m
2026-09-10T07:28:10.6960902Z  [32m✓[39m tests/vitest/image-markup.test.ts [2m([22m[2m9 tests[22m[2m)[22m[32m 11[2mms[22m[39m
2026-09-10T07:28:12.1520924Z  [32m✓[39m tests/vitest/SubpageGrid.test.ts [2m([22m[2m3 tests[22m[2m)[22m[33m 306[2mms[22m[39m
2026-09-10T07:28:12.3352832Z  [32m✓[39m tests/vitest/labels.test.ts [2m([22m[2m7 tests[22m[2m)[22m[32m 66[2mms[22m[39m
2026-09-10T07:28:13.2743947Z  [32m✓[39m tests/vitest/GitHubCorner.test.ts [2m([22m[2m3 tests[22m[2m)[22m[32m 71[2mms[22m[39m
2026-09-10T07:28:13.5410866Z  [32m✓[39m tests/vitest/index.test.ts [2m([22m[2m3 tests[22m[2m)[22m[32m 26[2mms[22m[39m
2026-09-10T07:28:13.8661538Z  [32m✓[39m tests/vitest/toc-utils.test.ts [2m([22m[2m8 tests[22m[2m)[22m[32m 20[2mms[22m[39m
2026-09-10T07:28:14.9613390Z  [32m✓[39m tests/vitest/changelog.test.ts [2m([22m[2m1 test[22m[2m)[22m[33m 392[2mms[22m[39m
2026-09-10T07:28:14.9640878Z    [33m[2m✓[22m[39m changelog uses consistent release sections and literal code[33m 387[2mms[22m[39m
2026-09-10T07:28:15.6499379Z  [32m✓[39m tests/vitest/attachments/get-html-sort-value.test.ts [2m([22m[2m9 tests[22m[2m)[22m[32m 20[2mms[22m[39m
2026-09-10T07:28:16.2319439Z  [32m✓[39m tests/vitest/highlight/hast.test.ts [2m([22m[2m10 tests[22m[2m)[22m[32m 12[2mms[22m[39m
2026-09-10T07:28:17.1432944Z  [32m✓[39m tests/vitest/Confetti.test.ts [2m([22m[2m2 tests[22m[2m)[22m[32m 126[2mms[22m[39m
2026-09-10T07:28:19.2151251Z  [32m✓[39m tests/vitest/SourceInput.svelte.test.ts [2m([22m[2m1 test[22m[2m)[22m[33m 1090[2mms[22m[39m
2026-09-10T07:28:19.2161004Z    [33m[2m✓[22m[39m source input highlights edits without changing the editable text and synchronizes scrolling[33m 1084[2mms[22m[39m
2026-09-10T07:28:20.3281133Z  [32m✓[39m tests/vitest/SettingsGroup.svelte.test.ts [2m([22m[2m2 tests[22m[2m)[22m[32m 46[2mms[22m[39m
2026-09-10T07:28:20.9550659Z  [32m✓[39m tests/vitest/csv.test.ts [2m([22m[2m19 tests[22m[2m)[22m[32m 14[2mms[22m[39m
2026-09-10T07:28:21.6054631Z  [32m✓[39m tests/vitest/format.test.ts [2m([22m[2m26 tests[22m[2m)[22m[32m 11[2mms[22m[39m
2026-09-10T07:28:22.4664333Z  [32m✓[39m tests/vitest/CircleSpinner.svelte.test.ts [2m([22m[2m3 tests[22m[2m)[22m[32m 26[2mms[22m[39m
2026-09-10T07:28:23.2397296Z  [32m✓[39m tests/vitest/Sheet.svelte.test.ts [2m([22m[2m1 test[22m[2m)[22m[32m 84[2mms[22m[39m
2026-09-10T07:28:23.7982698Z  [32m✓[39m tests/vitest/attachments/register-escape-layer.test.ts [2m([22m[2m1 test[22m[2m)[22m[32m 12[2mms[22m[39m
2026-09-10T07:28:27.6486367Z  [32m✓[39m tests/vitest/authoring-docs.test.ts [2m([22m[2m1 test[22m[2m)[22m[33m 12963[2mms[22m[39m
2026-09-10T07:28:27.6487880Z    [33m[2m✓[22m[39m published checker scenarios contain real type and assertion diagnostics[33m 12958[2mms[22m[39m
2026-09-10T07:28:40.5562656Z  [32m✓[39m tests/vitest/markdown-check.test.ts [2m([22m[2m26 tests[22m[2m)[22m[33m 74593[2mms[22m[39m
2026-09-10T07:28:40.5563855Z    [32m✓[39m checked Markdown examples [2m(24)[22m
2026-09-10T07:28:40.5565025Z      [33m[2m✓[22m[39m composes scientific Markdown options with checked examples[33m 2234[2mms[22m[39m
2026-09-10T07:28:40.5565973Z      [33m[2m✓[22m[39m does nothing to unmarked code, checks valid isolated modules and Svelte templates[33m 3363[2mms[22m[39m
2026-09-10T07:28:40.5566747Z      [33m[2m✓[22m[39m checks real ts semantic errors[33m 2470[2mms[22m[39m
2026-09-10T07:28:40.5567638Z      [33m[2m✓[22m[39m checks real typescript semantic errors[33m 2456[2mms[22m[39m
2026-09-10T07:28:40.5568279Z      [33m[2m✓[22m[39m checks real js semantic errors[33m 2722[2mms[22m[39m
2026-09-10T07:28:40.5569300Z      [33m[2m✓[22m[39m checks real javascript semantic errors[33m 2524[2mms[22m[39m
2026-09-10T07:28:40.5570196Z      [33m[2m✓[22m[39m Svelte checks script assignments and template expressions with original locations[33m 2612[2mms[22m[39m
2026-09-10T07:28:40.5571081Z      [33m[2m✓[22m[39m checks prop types of imported local Svelte components[33m 29677[2mms[22m[39m
2026-09-10T07:28:40.5571857Z      [33m[2m✓[22m[39m maps diagnostic locations and token spans in blockquote[33m 2410[2mms[22m[39m
2026-09-10T07:28:40.5572792Z      [33m[2m✓[22m[39m maps diagnostic locations and token spans in repeated nested fences with frontmatter and CRLF[33m 2583[2mms[22m[39m
2026-09-10T07:28:40.5573535Z      [33m[2m✓[22m[39m reports static diagnostics for ```js check
2026-09-10T07:28:40.5573868Z const =
2026-09-10T07:28:40.5574123Z ```[33m 1970[2mms[22m[39m
2026-09-10T07:28:40.5574760Z      [33m[2m✓[22m[39m explicit async assertions preserve interaction results (fail=false)[33m 2751[2mms[22m[39m
2026-09-10T07:28:40.5575642Z      [33m[2m✓[22m[39m explicit async assertions preserve interaction results (fail=true)[33m 1918[2mms[22m[39m
2026-09-10T07:28:40.5576358Z      [33m[2m✓[22m[39m fails clearly for js test="missing"[33m 1807[2mms[22m[39m
2026-09-10T07:28:40.5576951Z      [33m[2m✓[22m[39m fails clearly for js test="toString"[33m 1749[2mms[22m[39m
2026-09-10T07:28:40.5577790Z    [33m[2m✓[22m[39m one-shot batches resolve each document's imports and rebuild after dependency changes[33m 8611[2mms[22m[39m
2026-09-10T07:28:40.5579068Z    [33m[2m✓[22m[39m explicit configuration inherits aliases and types without discovering a project config[33m 2713[2mms[22m[39m
2026-09-10T07:28:41.8332540Z 
2026-09-10T07:28:41.8333612Z [31m⎯⎯⎯⎯⎯⎯⎯[39m[1m[41m Failed Tests 4 [49m[22m[31m⎯⎯⎯⎯⎯⎯⎯[39m
2026-09-10T07:28:41.8333923Z 
2026-09-10T07:28:41.8338215Z [41m[1m FAIL [22m[49m tests/vitest/layout.test.ts[2m > [22mfooter edit link for route / points at /
2026-09-10T07:28:41.8346096Z [31m[1mAssertionError[22m: expected 'https://github.com/janosh/svelte-widg…' to be 'https://github.com/janosh/svelte-widg…' // Object.is equality[39m
2026-09-10T07:28:41.8347240Z 
2026-09-10T07:28:41.8348119Z Expected: [32m"https://github.com/janosh/svelte-widgets/blob/-/[7mreadme.md[27m"[39m
2026-09-10T07:28:41.8350033Z Received: [31m"https://github.com/janosh/svelte-widgets/blob/-/[7msrc/routes/+page.svelte[27m"[39m
2026-09-10T07:28:41.8350804Z 
2026-09-10T07:28:41.8351391Z [36m [2m❯[22m tests/vitest/layout.test.ts:[2m44:41[22m[39m
2026-09-10T07:28:41.8376516Z     [90m 42|[39m   [null, `/no-such-page`, `src/routes`],
2026-09-10T07:28:41.8377631Z     [90m 43|[39m ])(`footer edit link for route %s points at %s`, (route_id, pathname, …
2026-09-10T07:28:41.8379216Z     [90m 44|[39m   expect(edit_href(route_id, pathname)).toBe(`${repository}/blob/-/${s…
2026-09-10T07:28:41.8380318Z     [90m   |[39m                                         [31m^[39m
2026-09-10T07:28:41.8381537Z     [90m 45|[39m })
2026-09-10T07:28:41.8382000Z     [90m 46|[39m
2026-09-10T07:28:41.8382245Z 
2026-09-10T07:28:41.8382722Z [31m[2m⎯⎯⎯⎯⎯⎯⎯⎯⎯⎯⎯⎯⎯⎯⎯⎯⎯⎯⎯⎯⎯⎯⎯⎯[1/4]⎯[22m[39m
2026-09-10T07:28:41.8383094Z 
2026-09-10T07:28:41.8384337Z [41m[1m FAIL [22m[49m tests/vitest/toc.svelte.test.ts[2m > [22mToc[2m > [22mstatic metadata keeps matching item indexes for id=sec:1
2026-09-10T07:28:41.8386390Z [41m[1m FAIL [22m[49m tests/vitest/toc.svelte.test.ts[2m > [22mToc[2m > [22mstatic metadata keeps matching item indexes for id=123
2026-09-10T07:28:41.8388535Z [41m[1m FAIL [22m[49m tests/vitest/toc.svelte.test.ts[2m > [22mToc[2m > [22mstatic metadata keeps matching item indexes for id=part.one
2026-09-10T07:28:41.8390776Z [31m[1mAssertionError[22m: No element found for selector: aside.toc li.active[39m
2026-09-10T07:28:41.8391975Z [36m [2m❯[22m doc_query tests/vitest/index.ts:[2m18:3[22m[39m
2026-09-10T07:28:41.8420747Z     [90m 16|[39m export function doc_query<T extends Element = HTMLElement>(selector: s…
2026-09-10T07:28:41.8422147Z     [90m 17|[39m   const node = document.querySelector<T>(selector)
2026-09-10T07:28:41.8423435Z     [90m 18|[39m   assert(node !== null, `No element found for selector: ${selector}`)
2026-09-10T07:28:41.8424449Z     [90m   |[39m   [31m^[39m
2026-09-10T07:28:41.8425136Z     [90m 19|[39m   return node
2026-09-10T07:28:41.8425765Z     [90m 20|[39m }
2026-09-10T07:28:41.8426775Z [90m [2m❯[22m tests/vitest/toc.svelte.test.ts:[2m352:14[22m[39m
2026-09-10T07:28:41.8427301Z 
2026-09-10T07:28:41.8427798Z [31m[2m⎯⎯⎯⎯⎯⎯⎯⎯⎯⎯⎯⎯⎯⎯⎯⎯⎯⎯⎯⎯⎯⎯⎯⎯[2/4]⎯[22m[39m
2026-09-10T07:28:41.8428202Z 
2026-09-10T07:28:41.8429055Z [31m⎯⎯⎯⎯⎯⎯[39m[1m[41m Unhandled Errors [49m[22m[31m⎯⎯⎯⎯⎯⎯[39m
2026-09-10T07:28:41.8429787Z [31m[1m
2026-09-10T07:28:41.8430410Z Vitest caught 2 unhandled errors during the test run.
2026-09-10T07:28:41.8431882Z This might cause false positive tests. Resolve unhandled errors to make sure your tests are not affected.[22m[39m
2026-09-10T07:28:41.8432698Z 
2026-09-10T07:28:41.8433257Z [31m⎯⎯⎯⎯⎯[39m[1m[41m Uncaught Exception [49m[22m[31m⎯⎯⎯⎯⎯[39m
2026-09-10T07:28:41.8434662Z [31m[1mDOMException[22m: Failed to execute 'querySelectorAll' on 'Element': '#sec:1' is not a valid selector.
2026-09-10T07:28:41.8435477Z 
2026-09-10T07:28:41.8435646Z 	in $effect
2026-09-10T07:28:41.8436025Z 	in Toc.svelte
2026-09-10T07:28:41.8436405Z 	in undefined
2026-09-10T07:28:41.8436830Z [39m
2026-09-10T07:28:41.8438380Z [90m [2m❯[22m SelectorParser.getInvalidSelectorError node_modules/happy-dom/lib/query-selector/SelectorParser.js:[2m133:16[22m[39m
2026-09-10T07:28:41.8441018Z [90m [2m❯[22m SelectorParser.getSelectorGroupsUncached node_modules/happy-dom/lib/query-selector/SelectorParser.js:[2m271:24[22m[39m
2026-09-10T07:28:41.8443264Z [90m [2m❯[22m SelectorParser.getSelectorGroups node_modules/happy-dom/lib/query-selector/SelectorParser.js:[2m118:29[22m[39m
2026-09-10T07:28:41.8445305Z [90m [2m❯[22m QuerySelector.querySelector node_modules/happy-dom/lib/query-selector/QuerySelector.js:[2m146:12[22m[39m
2026-09-10T07:28:41.8447344Z [90m [2m❯[22m HTMLDocument.querySelector node_modules/happy-dom/lib/nodes/document/Document.js:[2m1193:30[22m[39m
2026-09-10T07:28:41.8448687Z [36m [2m❯[22m src/lib/Toc.svelte:[2m290:34[22m[39m
2026-09-10T07:28:41.8449685Z     [90m288|[39m     if (items) {
2026-09-10T07:28:41.8450412Z     [90m289|[39m       return items.flatMap(({ id }) => {
2026-09-10T07:28:41.8451295Z     [90m290|[39m         const heading = document.querySelector(`#${id}`)
2026-09-10T07:28:41.8452057Z     [90m   |[39m                                  [31m^[39m
2026-09-10T07:28:41.8452920Z     [90m291|[39m         return heading instanceof HTMLHeadingElement ? [heading] : []
2026-09-10T07:28:41.8453610Z     [90m292|[39m       })
2026-09-10T07:28:41.8454358Z [90m [2m❯[22m query_toc_headings src/lib/Toc.svelte:[2m289:20[22m[39m
2026-09-10T07:28:41.8455571Z [90m [2m❯[22m update_toc_headings src/lib/Toc.svelte:[2m355:30[22m[39m
2026-09-10T07:28:41.8456561Z [90m [2m❯[22m $effect src/lib/Toc.svelte:[2m409:5[22m[39m
2026-09-10T07:28:41.8457011Z 
2026-09-10T07:28:41.8458574Z [31mThis error originated in "[1mtests/vitest/toc.svelte.test.ts[22m" test file. It doesn't mean the error was thrown inside the file itself, but while it was running.[39m
2026-09-10T07:28:41.8461209Z [31mThe last test to run before this error was "[1mstatic metadata keeps matching item indexes for id=sec:1[22m". This means either:
2026-09-10T07:28:41.8462388Z - the error was thrown while Vitest was running this test, or
2026-09-10T07:28:41.8463629Z - the error was thrown after the test completed, and this was the most recent test at that point.[39m
2026-09-10T07:28:41.8464298Z 
2026-09-10T07:28:41.8465050Z [31m⎯⎯⎯⎯⎯[39m[1m[41m Uncaught Exception [49m[22m[31m⎯⎯⎯⎯⎯[39m
2026-09-10T07:28:41.8466358Z [31m[1mDOMException[22m: Failed to execute 'querySelector' on 'HTMLDocument': '#123' is not a valid selector.
2026-09-10T07:28:41.8467048Z 
2026-09-10T07:28:41.8467194Z 	in $effect
2026-09-10T07:28:41.8467490Z 	in Toc.svelte
2026-09-10T07:28:41.8467796Z 	in undefined
2026-09-10T07:28:41.8468145Z [39m
2026-09-10T07:28:41.8469523Z [90m [2m❯[22m QuerySelector.querySelector node_modules/happy-dom/lib/query-selector/QuerySelector.js:[2m110:19[22m[39m
2026-09-10T07:28:41.8471191Z [90m [2m❯[22m HTMLDocument.querySelector node_modules/happy-dom/lib/nodes/document/Document.js:[2m1193:30[22m[39m
2026-09-10T07:28:41.8472318Z [36m [2m❯[22m src/lib/Toc.svelte:[2m290:34[22m[39m
2026-09-10T07:28:41.8472930Z     [90m288|[39m     if (items) {
2026-09-10T07:28:41.8473536Z     [90m289|[39m       return items.flatMap(({ id }) => {
2026-09-10T07:28:41.8474366Z     [90m290|[39m         const heading = document.querySelector(`#${id}`)
2026-09-10T07:28:41.8475128Z     [90m   |[39m                                  [31m^[39m
2026-09-10T07:28:41.8476007Z     [90m291|[39m         return heading instanceof HTMLHeadingElement ? [heading] : []
2026-09-10T07:28:41.8476675Z     [90m292|[39m       })
2026-09-10T07:28:41.8477435Z [90m [2m❯[22m query_toc_headings src/lib/Toc.svelte:[2m289:20[22m[39m
2026-09-10T07:28:41.8478397Z [90m [2m❯[22m update_toc_headings src/lib/Toc.svelte:[2m355:30[22m[39m
2026-09-10T07:28:41.8479522Z [90m [2m❯[22m $effect src/lib/Toc.svelte:[2m409:5[22m[39m
2026-09-10T07:28:41.8479933Z 
2026-09-10T07:28:41.8481329Z [31mThis error originated in "[1mtests/vitest/toc.svelte.test.ts[22m" test file. It doesn't mean the error was thrown inside the file itself, but while it was running.[39m
2026-09-10T07:28:41.8483407Z [31mThe last test to run before this error was "[1mstatic metadata keeps matching item indexes for id=123[22m". This means either:
2026-09-10T07:28:41.8484594Z - the error was thrown while Vitest was running this test, or
2026-09-10T07:28:41.8485809Z - the error was thrown after the test completed, and this was the most recent test at that point.[39m
2026-09-10T07:28:41.8486884Z [31m⎯⎯⎯⎯⎯⎯⎯⎯⎯⎯⎯⎯⎯⎯⎯⎯⎯⎯⎯⎯⎯⎯⎯⎯⎯⎯⎯⎯⎯⎯[39m
2026-09-10T07:28:41.8487231Z 
2026-09-10T07:28:41.8487266Z 
2026-09-10T07:28:41.8488224Z [2m Test Files [22m [1m[31m2 failed[39m[22m[2m | [22m[1m[32m114 passed[39m[22m[90m (116)[39m
2026-09-10T07:28:41.8490194Z [2m      Tests [22m [1m[31m4 failed[39m[22m[2m | [22m[1m[32m3611 passed[39m[22m[2m | [22m[33m1 skipped[39m[90m (3616)[39m
2026-09-10T07:28:41.8491406Z [2m     Errors [22m [1m[31m2 errors[39m[22m
2026-09-10T07:28:41.8492129Z [2m   Start at [22m 07:27:03
2026-09-10T07:28:41.8497219Z [2m   Duration [22m 98.09s[2m (tests 62%, environment 18%, import 10%, transform 8%, worker 2%, setup 1%)[22m
2026-09-10T07:28:41.8516090Z 
2026-09-10T07:28:41.8517044Z [2m    Isolate [22m [33m116 workers spawned[39m[2m · ~496ms startup each (spawn + environment, per file)[22m
2026-09-10T07:28:41.8518143Z [2m            [22m [2mat least ~18.68s faster with [22m[33misolate: false[39m[2m — reuses workers across files instead of one per file[22m
2026-09-10T07:28:41.8519142Z 
2026-09-10T07:28:41.8541654Z 
2026-09-10T07:28:41.8582712Z ##[error]DOMException: Failed to execute 'querySelectorAll' on 'Element': '#sec:1' is not a valid selector.

	in $effect
	in Toc.svelte
	in undefined

 ❯ SelectorParser.getInvalidSelectorError node_modules/happy-dom/lib/query-selector/SelectorParser.js:133:16
 ❯ SelectorParser.getSelectorGroupsUncached node_modules/happy-dom/lib/query-selector/SelectorParser.js:271:24
 ❯ SelectorParser.getSelectorGroups node_modules/happy-dom/lib/query-selector/SelectorParser.js:118:29
 ❯ QuerySelector.querySelector node_modules/happy-dom/lib/query-selector/QuerySelector.js:146:12
 ❯ HTMLDocument.querySelector node_modules/happy-dom/lib/nodes/document/Document.js:1193:30
 ❯ src/lib/Toc.svelte:290:34
 ❯ query_toc_headings src/lib/Toc.svelte:289:20
 ❯ update_toc_headings src/lib/Toc.svelte:355:30
 ❯ $effect src/lib/Toc.svelte:409:5

This error originated in "tests/vitest/toc.svelte.test.ts" test file. It doesn't mean the error was thrown inside the file itself, but while it was running.
The last test to run before this error was "static metadata keeps matching item indexes for id=sec:1". This means either:
- the error was thrown while Vitest was running this test, or
- the error was thrown after the test completed, and this was the most recent test at that point.

2026-09-10T07:28:41.8597826Z 
2026-09-10T07:28:41.8606089Z ##[error]DOMException: Failed to execute 'querySelector' on 'HTMLDocument': '#123' is not a valid selector.

	in $effect
	in Toc.svelte
	in undefined

 ❯ QuerySelector.querySelector node_modules/happy-dom/lib/query-selector/QuerySelector.js:110:19
 ❯ HTMLDocument.querySelector node_modules/happy-dom/lib/nodes/document/Document.js:1193:30
 ❯ src/lib/Toc.svelte:290:34
 ❯ query_toc_headings src/lib/Toc.svelte:289:20
 ❯ update_toc_headings src/lib/Toc.svelte:355:30
 ❯ $effect src/lib/Toc.svelte:409:5

This error originated in "tests/vitest/toc.svelte.test.ts" test file. It doesn't mean the error was thrown inside the file itself, but while it was running.
The last test to run before this error was "static metadata keeps matching item indexes for id=123". This means either:
- the error was thrown while Vitest was running this test, or
- the error was thrown after the test completed, and this was the most recent test at that point.

2026-09-10T07:28:41.8610092Z 
2026-09-10T07:28:41.8614622Z ##[error]AssertionError: expected 'https://github.com/janosh/svelte-widg…' to be 'https://github.com/janosh/svelte-widg…' // Object.is equality

Expected: "https://github.com/janosh/svelte-widgets/blob/-/readme.md"
Received: "https://github.com/janosh/svelte-widgets/blob/-/src/routes/+page.svelte"

 ❯ tests/vitest/layout.test.ts:44:41


2026-09-10T07:28:41.8617629Z 
2026-09-10T07:28:41.8620565Z ##[error]AssertionError: No element found for selector: aside.toc li.active
 ❯ doc_query tests/vitest/index.ts:18:3
 ❯ tests/vitest/toc.svelte.test.ts:352:14


2026-09-10T07:28:41.8622395Z 
2026-09-10T07:28:41.8625054Z ##[error]AssertionError: No element found for selector: aside.toc li.active
 ❯ doc_query tests/vitest/index.ts:18:3
 ❯ tests/vitest/toc.svelte.test.ts:352:14


2026-09-10T07:28:41.8626569Z 
2026-09-10T07:28:41.8629295Z ##[error]AssertionError: No element found for selector: aside.toc li.active
 ❯ doc_query tests/vitest/index.ts:18:3
 ❯ tests/vitest/toc.svelte.test.ts:352:14


2026-09-10T07:28:41.9621451Z ##[error]Process completed with exit code 1.
2026-09-10T07:28:41.9774838Z Post job cleanup.
2026-09-10T07:28:42.0643227Z [command]/usr/bin/git version
2026-09-10T07:28:42.0679690Z git version 2.55.0
2026-09-10T07:28:42.0717497Z Temporarily overriding HOME='/home/runner/work/_temp/6ca8ab81-9f1c-4c2d-90e6-35e982ac5d7e' before making global git config changes
2026-09-10T07:28:42.0719195Z Adding repository directory to the temporary git global config as a safe directory
2026-09-10T07:28:42.0723399Z [command]/usr/bin/git config --global --add safe.directory /home/runner/work/svelte-widgets/svelte-widgets
2026-09-10T07:28:42.0754393Z Removing SSH command configuration
2026-09-10T07:28:42.0760924Z [command]/usr/bin/git config --local --name-only --get-regexp core\.sshCommand
2026-09-10T07:28:42.0794759Z [command]/usr/bin/git submodule foreach --recursive sh -c "git config --local --name-only --get-regexp 'core\.sshCommand' && git config --local --unset-all 'core.sshCommand' || :"
2026-09-10T07:28:42.1012678Z Removing HTTP extra header
2026-09-10T07:28:42.1017573Z [command]/usr/bin/git config --local --name-only --get-regexp http\.https\:\/\/github\.com\/\.extraheader
2026-09-10T07:28:42.1050146Z [command]/usr/bin/git submodule foreach --recursive sh -c "git config --local --name-only --get-regexp 'http\.https\:\/\/github\.com\/\.extraheader' && git config --local --unset-all 'http.https://github.com/.extraheader' || :"
2026-09-10T07:28:42.1264464Z Removing includeIf entries pointing to credentials config files
2026-09-10T07:28:42.1270448Z [command]/usr/bin/git config --local --name-only --get-regexp ^includeIf\.gitdir:
2026-09-10T07:28:42.1293030Z includeif.gitdir:/home/runner/work/svelte-widgets/svelte-widgets/.git.path
2026-09-10T07:28:42.1294338Z includeif.gitdir:/home/runner/work/svelte-widgets/svelte-widgets/.git/worktrees/*.path
2026-09-10T07:28:42.1295369Z includeif.gitdir:/github/workspace/.git.path
2026-09-10T07:28:42.1296198Z includeif.gitdir:/github/workspace/.git/worktrees/*.path
2026-09-10T07:28:42.1304849Z [command]/usr/bin/git config --local --get-all includeif.gitdir:/home/runner/work/svelte-widgets/svelte-widgets/.git.path
2026-09-10T07:28:42.1326525Z /home/runner/work/_temp/git-credentials-d7e051ca-b058-454b-aae7-a61a726fda1a.config
2026-09-10T07:28:42.1337029Z [command]/usr/bin/git config --local --unset includeif.gitdir:/home/runner/work/svelte-widgets/svelte-widgets/.git.path /home/runner/work/_temp/git-credentials-d7e051ca-b058-454b-aae7-a61a726fda1a.config
2026-09-10T07:28:42.1370694Z [command]/usr/bin/git config --local --get-all includeif.gitdir:/home/runner/work/svelte-widgets/svelte-widgets/.git/worktrees/*.path
2026-09-10T07:28:42.1390809Z /home/runner/work/_temp/git-credentials-d7e051ca-b058-454b-aae7-a61a726fda1a.config
2026-09-10T07:28:42.1399986Z [command]/usr/bin/git config --local --unset includeif.gitdir:/home/runner/work/svelte-widgets/svelte-widgets/.git/worktrees/*.path /home/runner/work/_temp/git-credentials-d7e051ca-b058-454b-aae7-a61a726fda1a.config
2026-09-10T07:28:42.1430096Z [command]/usr/bin/git config --local --get-all includeif.gitdir:/github/workspace/.git.path
2026-09-10T07:28:42.1450061Z /github/runner_temp/git-credentials-d7e051ca-b058-454b-aae7-a61a726fda1a.config
2026-09-10T07:28:42.1458001Z [command]/usr/bin/git config --local --unset includeif.gitdir:/github/workspace/.git.path /github/runner_temp/git-credentials-d7e051ca-b058-454b-aae7-a61a726fda1a.config
2026-09-10T07:28:42.1487187Z [command]/usr/bin/git config --local --get-all includeif.gitdir:/github/workspace/.git/worktrees/*.path
2026-09-10T07:28:42.1506928Z /github/runner_temp/git-credentials-d7e051ca-b058-454b-aae7-a61a726fda1a.config
2026-09-10T07:28:42.1514972Z [command]/usr/bin/git config --local --unset includeif.gitdir:/github/workspace/.git/worktrees/*.path /github/runner_temp/git-credentials-d7e051ca-b058-454b-aae7-a61a726fda1a.config
2026-09-10T07:28:42.1549120Z [command]/usr/bin/git submodule foreach --recursive git config --local --show-origin --name-only --get-regexp remote.origin.url
2026-09-10T07:28:42.1784300Z Removing credentials config '/home/runner/work/_temp/git-credentials-d7e051ca-b058-454b-aae7-a61a726fda1a.config'
2026-09-10T07:28:42.1930478Z Cleaning up orphan processes
